(1786417336.852721) vcan0 0C0#03C6000027100000
(1786417336.896562) vcan0 1A0#0303030300000000
(1786417336.902661) vcan0 0C0#03EA000027100000
(1786417336.953018) vcan0 0C0#0460000027100000
(1786417336.991030) vcan0 7C0#70776E2E636F6C6C
(1786417336.991530) vcan0 7C0#6567657B41774943
(1786417336.991533) vcan0 7C0#7A49667865307063
(1786417336.991534) vcan0 7C0#52424A4131344230
(1786417336.991536) vcan0 7C0#6D766A4D6F6B582E
(1786417336.991538) vcan0 7C0#30564F356B544F35
(1786417336.991539) vcan0 7C0#77534F356B544F35
(1786417336.991541) vcan0 7C0#6B7A577D
(1786417336.991546) vcan0 3C1#5A004700
(1786417336.996793) vcan0 1A0#0707070700000000
(1786417337.003114) vcan0 0C0#04A5000027100000
(1786417337.053379) vcan0 0C0#04B8000027100000
(1786417337.096969) vcan0 1A0#0909090900000000
(1786417337.103546) vcan0 0C0#0509000027100000
(1786417337.153895) vcan0 0C0#0516000027100000
(1786417337.197193) vcan0 1A0#0B0B0B0B00000000
(1786417337.203990) vcan0 0C0#054A000027100000
(1786417337.254123) vcan0 0C0#05AA000027100000
(1786417337.297265) vcan0 1A0#0E0E0E0E00000000
(1786417337.304205) vcan0 0C0#0587000027100000
(1786417337.354492) vcan0 0C0#0591000027100000
(1786417337.397411) vcan0 1A0#0D0D0D0D00000000
(1786417337.404564) vcan0 0C0#051A000027100000
(1786417337.454757) vcan0 0C0#057C000027100000
(1786417337.491928) vcan0 3C1#5A004700
(1786417337.497487) vcan0 1A0#0D0D0D0D00000000
(1786417337.504981) vcan0 0C0#0597000027100000
(1786417337.555113) vcan0 0C0#05B1000027100000
(1786417337.597672) vcan0 1A0#0E0E0E0E00000000
(1786417337.605101) vcan0 0C0#05B5000027100000
(1786417337.655523) vcan0 0C0#05CF000027100000
(1786417337.697833) vcan0 1A0#0F0F0F0F00000000
(1786417337.705758) vcan0 0C0#05E2000027100000
(1786417337.755817) vcan0 0C0#058F000027100000
(1786417337.798009) vcan0 1A0#0D0D0D0D00000000
(1786417337.805965) vcan0 0C0#051B000027100000
(1786417337.856288) vcan0 0C0#0506000027100000
(1786417337.898233) vcan0 1A0#0A0A0A0A00000000
(1786417337.906445) vcan0 0C0#04EB000027100000
(1786417337.956755) vcan0 0C0#0554000027100000
(1786417337.992095) vcan0 3C1#5A004600
(1786417337.998242) vcan0 1A0#0C0C0C0C00000000
(1786417338.006762) vcan0 0C0#0584000027100000
(1786417338.056923) vcan0 0C0#0580000027100000
(1786417338.098419) vcan0 1A0#0D0D0D0D00000000
(1786417338.107107) vcan0 0C0#05F1000027100000
(1786417338.157221) vcan0 0C0#0589000027100000
(1786417338.198558) vcan0 1A0#0D0D0D0D00000000
(1786417338.207420) vcan0 0C0#05EB000027100000
(1786417338.257670) vcan0 0C0#0586000027100000
(1786417338.298772) vcan0 1A0#0D0D0D0D00000000
(1786417338.307768) vcan0 0C0#05AD000027100000
(1786417338.357911) vcan0 0C0#05DC000027100000
(1786417338.398849) vcan0 1A0#0F0F0F0F00000000
(1786417338.408145) vcan0 0C0#0624000027100000
(1786417338.458320) vcan0 0C0#0659000027100000
(1786417338.492357) vcan0 3C1#5A004700
(1786417338.498992) vcan0 1A0#1212121200000000
(1786417338.508592) vcan0 0C0#05F4000027100000
(1786417338.558724) vcan0 0C0#05F2000027100000
(1786417338.599291) vcan0 1A0#1010101000000000
(1786417338.608875) vcan0 0C0#05B4000027100000
(1786417338.658964) vcan0 0C0#05D4000027100000
(1786417338.699390) vcan0 1A0#0F0F0F0F00000000
(1786417338.709126) vcan0 0C0#05E4000027100000
(1786417338.759416) vcan0 0C0#05A3000027100000
(1786417338.799584) vcan0 1A0#0E0E0E0E00000000
